// Jest Snapshot v1, https://goo.gl/fbAQLP

exports[`ListItem Component render without crashing 1`] = `
<tr
  className="ListItem"
  data-testid="listitemrow"
>
  <td
    data-testid="listitemcolone"
    id="number"
  />
  <td
    data-testid="listitemcoltwo"
    id="txt"
  />
  <td
    data-testid="listitemcolbtn"
  >
    <Button
      active={false}
      className="btn btn-primary"
      data-testid="calldetailbtn"
      disabled={false}
      onClick={[Function]}
      variant="primary"
    >
      More
    </Button>
  </td>
</tr>
`;
